// Vitest Snapshot v1

exports[`returns all baseRoutes 1`] = `
[
  {
    "component": [Function],
    "menu": {},
    "path": "/splash/:splashId",
    "title": "Unleash",
    "type": "protected",
  },
  {
    "component": [Function],
    "enterprise": true,
    "menu": {},
    "parent": "/projects",
    "path": "/projects/create",
    "title": "Create",
    "type": "protected",
  },
  {
    "component": [Function],
    "enterprise": true,
    "menu": {},
    "parent": "/projects",
    "path": "/projects/:projectId/edit",
    "title": ":projectId",
    "type": "protected",
  },
  {
    "component": [Function],
    "menu": {},
    "parent": "/archive",
    "path": "/projects/:projectId/archived",
    "title": ":projectId",
    "type": "protected",
  },
  {
    "component": [Function],
    "menu": {},
    "parent": "/projects/:projectId/features/:featureId/:activeTab",
    "path": "/projects/:projectId/features/:featureId/:activeTab/copy",
    "title": "Copy",
    "type": "protected",
  },
  {
    "component": [Function],
    "menu": {},
    "parent": "/projects",
    "path": "/projects/:projectId/features/:featureId/edit",
    "title": "Edit feature",
    "type": "protected",
  },
  {
    "component": [Function],
    "menu": {},
    "parent": "/projects",
    "path": "/projects/:projectId/features/:featureId/*",
    "title": "FeatureView",
    "type": "protected",
  },
  {
    "component": [Function],
    "menu": {},
    "parent": "/projects/:projectId/features",
    "path": "/projects/:projectId/create-toggle",
    "title": "Create feature toggle",
    "type": "protected",
  },
  {
    "component": [Function],
    "menu": {},
    "parent": "/features",
    "path": "/projects/:projectId/features2/:featureId",
    "title": ":featureId",
    "type": "protected",
  },
  {
    "component": [Function],
    "flag": "P",
    "menu": {},
    "parent": "/projects",
    "path": "/projects/:projectId/*",
    "title": ":projectId",
    "type": "protected",
  },
  {
    "component": [Function],
    "menu": {
      "mobile": true,
    },
    "path": "/projects",
    "title": "Projects",
    "type": "protected",
  },
  {
    "component": [Function],
    "menu": {},
    "parent": "/features",
    "path": "/features/:activeTab/:featureId",
    "title": ":featureId",
    "type": "protected",
  },
  {
    "component": [Function],
    "menu": {
      "mobile": true,
    },
    "path": "/features",
    "title": "Feature toggles",
    "type": "protected",
  },
  {
    "component": {
      "$$typeof": Symbol(react.lazy),
      "_init": [Function],
      "_payload": {
        "_result": [Function],
        "_status": -1,
      },
    },
    "hidden": false,
    "menu": {
      "mobile": true,
    },
    "path": "/playground",
    "title": "Playground",
    "type": "protected",
  },
  {
    "component": [Function],
    "menu": {},
    "parent": "/applications",
    "path": "/applications/:name",
    "title": ":name",
    "type": "protected",
  },
  {
    "component": [Function],
    "menu": {
      "advanced": true,
      "mobile": true,
    },
    "path": "/applications",
    "title": "Applications",
    "type": "protected",
  },
  {
    "component": [Function],
    "menu": {},
    "parent": "/context",
    "path": "/context/create",
    "title": "Create",
    "type": "protected",
  },
  {
    "component": [Function],
    "menu": {},
    "parent": "/context",
    "path": "/context/edit/:name",
    "title": ":name",
    "type": "protected",
  },
  {
    "component": [Function],
    "menu": {
      "advanced": true,
      "mobile": true,
    },
    "path": "/context",
    "title": "Context fields",
    "type": "protected",
  },
  {
    "component": [Function],
    "menu": {},
    "parent": "/strategies",
    "path": "/strategies/create",
    "title": "Create",
    "type": "protected",
  },
  {
    "component": [Function],
    "menu": {},
    "parent": "/strategies",
    "path": "/strategies/:name/edit",
    "title": ":name",
    "type": "protected",
  },
  {
    "component": [Function],
    "menu": {},
    "parent": "/strategies",
    "path": "/strategies/:name",
    "title": ":name",
    "type": "protected",
  },
  {
    "component": [Function],
    "menu": {
      "advanced": true,
      "mobile": true,
    },
    "path": "/strategies",
    "title": "Strategy types",
    "type": "protected",
  },
  {
    "component": [Function],
    "menu": {},
    "parent": "/environments",
    "path": "/environments/create",
    "title": "Environments",
    "type": "protected",
  },
  {
    "component": [Function],
    "menu": {},
    "path": "/environments/:id",
    "title": "Edit",
    "type": "protected",
  },
  {
    "component": [Function],
    "flag": "EEA",
    "menu": {
      "advanced": true,
      "mobile": true,
    },
    "path": "/environments",
    "title": "Environments",
    "type": "protected",
  },
  {
    "component": [Function],
    "menu": {},
    "parent": "/tag-types",
    "path": "/tag-types/create",
    "title": "Create",
    "type": "protected",
  },
  {
    "component": [Function],
    "menu": {},
    "parent": "/tag-types",
    "path": "/tag-types/edit/:name",
    "title": ":name",
    "type": "protected",
  },
  {
    "component": [Function],
    "menu": {
      "advanced": true,
      "mobile": true,
    },
    "path": "/tag-types",
    "title": "Tag types",
    "type": "protected",
  },
  {
    "component": [Function],
    "menu": {},
    "parent": "/addons",
    "path": "/addons/create/:providerId",
    "title": "Create",
    "type": "protected",
  },
  {
    "component": [Function],
    "menu": {},
    "parent": "/addons",
    "path": "/addons/edit/:addonId",
    "title": "Edit",
    "type": "protected",
  },
  {
    "component": [Function],
    "hidden": false,
    "menu": {
      "advanced": true,
      "mobile": true,
    },
    "path": "/addons",
    "title": "Addons",
    "type": "protected",
  },
  {
    "component": [Function],
    "flag": "SE",
    "hidden": false,
    "layout": "main",
    "menu": {},
    "path": "/segments/create",
    "title": "Segments",
    "type": "protected",
  },
  {
    "component": [Function],
    "flag": "SE",
    "hidden": false,
    "layout": "main",
    "menu": {},
    "path": "/segments/edit/:segmentId",
    "title": "Segments",
    "type": "protected",
  },
  {
    "component": [Function],
    "flag": "SE",
    "hidden": false,
    "menu": {
      "advanced": true,
      "mobile": true,
    },
    "path": "/segments",
    "title": "Segments",
    "type": "protected",
  },
  {
    "component": [Function],
    "menu": {
      "adminSettings": true,
    },
    "path": "/history",
    "title": "Event log",
    "type": "protected",
  },
  {
    "component": [Function],
    "menu": {},
    "path": "/archive",
    "title": "Archived toggles",
    "type": "protected",
  },
  {
    "component": [Function],
    "menu": {},
    "parent": "/admin",
    "path": "/admin/api/create-token",
    "title": "API access",
    "type": "protected",
  },
  {
    "component": [Function],
    "flag": "RE",
    "menu": {},
    "path": "/admin/create-project-role",
    "title": "Create",
    "type": "protected",
  },
  {
    "component": [Function],
    "flag": "RE",
    "menu": {},
    "path": "/admin/roles/:id/edit",
    "title": "Edit",
    "type": "protected",
  },
  {
    "component": [Function],
    "menu": {
      "advanced": true,
      "mobile": true,
    },
    "parent": "/admin",
    "path": "/admin/api",
    "title": "API access",
    "type": "protected",
  },
  {
    "component": [Function],
    "menu": {
      "adminSettings": true,
    },
    "parent": "/admin",
    "path": "/admin/users",
    "title": "Users",
    "type": "protected",
  },
  {
    "component": [Function],
    "menu": {},
    "parent": "/admin",
    "path": "/admin/create-user",
    "title": "Users",
    "type": "protected",
  },
  {
    "component": [Function],
    "menu": {},
    "parent": "/admin",
    "path": "/admin/invite-link",
    "title": "Invite link",
    "type": "protected",
  },
  {
    "component": [Function],
    "flag": "UG",
    "menu": {
      "adminSettings": true,
    },
    "parent": "/admin",
    "path": "/admin/groups",
    "title": "Groups",
    "type": "protected",
  },
  {
    "component": [Function],
    "flag": "UG",
    "menu": {},
    "parent": "/admin",
    "path": "/admin/groups/:groupId",
    "title": ":groupId",
    "type": "protected",
  },
  {
    "component": [Function],
    "flag": "UG",
    "menu": {},
    "parent": "/admin/groups",
    "path": "/admin/groups/create-group",
    "title": "Create group",
    "type": "protected",
  },
  {
    "component": [Function],
    "flag": "UG",
    "menu": {},
    "parent": "/admin/groups",
    "path": "/admin/groups/:groupId/edit",
    "title": "Edit group",
    "type": "protected",
  },
  {
    "component": [Function],
    "flag": "RE",
    "menu": {
      "adminSettings": true,
    },
    "parent": "/admin",
    "path": "/admin/roles",
    "title": "Project roles",
    "type": "protected",
  },
  {
    "component": [Function],
    "menu": {
      "adminSettings": true,
    },
    "parent": "/admin",
    "path": "/admin/auth",
    "title": "Single sign-on",
    "type": "protected",
  },
  {
    "component": [Function],
    "flag": "embedProxyFrontend",
    "menu": {
      "adminSettings": true,
    },
    "parent": "/admin",
    "path": "/admin/cors",
    "title": "CORS origins",
    "type": "protected",
  },
  {
    "component": [Function],
    "menu": {},
    "parent": "/admin",
    "path": "/admin/billing",
    "title": "Billing",
    "type": "protected",
  },
  {
    "component": [Function],
    "menu": {
      "adminSettings": true,
      "isEnterprise": true,
    },
    "parent": "/admin",
    "path": "/admin-invoices",
    "title": "Billing & invoices",
    "type": "protected",
  },
  {
    "component": [Function],
    "hidden": false,
    "menu": {},
    "path": "/admin",
    "title": "Admin",
    "type": "protected",
  },
  {
    "component": [Function],
    "menu": {},
    "path": "/profile/*",
    "title": "Profile",
    "type": "protected",
  },
]
`;
