// Jest Snapshot v1, https://goo.gl/fbAQLP

exports[`Should call datadog webhook  for archived toggle 1`] = `"{"text":"%%% \\n  some@user.com just archived feature toggle *[some-toggle](http://some-url.com/archive)* \\n %%% ","title":"Unleash notification update"}"`;

exports[`Should call datadog webhook  for archived toggle with project info 1`] = `"{"text":"%%% \\n  some@user.com just archived feature toggle *[some-toggle](http://some-url.com/projects/some-project/archive)* \\n %%% ","title":"Unleash notification update"}"`;

exports[`Should call datadog webhook 1`] = `"{"text":"%%% \\n some@user.com created feature toggle [some-toggle](http://some-url.com/projects//features/some-toggle) in project *undefined* \\n %%% ","title":"Unleash notification update"}"`;

exports[`Should call datadog webhook for toggled environment 1`] = `"{"text":"%%% \\n some@user.com *disabled* [some-toggle](http://some-url.com/projects/default/features/some-toggle) in *development* environment in project *default* \\n %%% ","title":"Unleash notification update"}"`;
