// Jest Snapshot v1, https://goo.gl/fbAQLP

exports[`apiTokenSchema empty 1`] = `
{
  "errors": [
    {
      "instancePath": "",
      "keyword": "required",
      "message": "must have required property 'username'",
      "params": {
        "missingProperty": "username",
      },
      "schemaPath": "#/required",
    },
  ],
  "schema": "#/components/schemas/apiTokenSchema",
}
`;
