// Jest Snapshot v1, https://goo.gl/fbAQLP

exports[`changePasswordSchema empty 1`] = `
{
  "errors": [
    {
      "instancePath": "",
      "keyword": "required",
      "message": "must have required property 'token'",
      "params": {
        "missingProperty": "token",
      },
      "schemaPath": "#/required",
    },
  ],
  "schema": "#/components/schemas/changePasswordSchema",
}
`;
