// Jest Snapshot v1, https://goo.gl/fbAQLP

exports[`clientFeatureQuerySchema all fields 1`] = `undefined`;
