// Vitest Snapshot v1, https://vitest.dev/guide/snapshot.html

exports[`deprecatedProjectOverviewSchema 1`] = `
{
  "errors": [
    {
      "instancePath": "",
      "keyword": "required",
      "message": "must have required property 'version'",
      "params": {
        "missingProperty": "version",
      },
      "schemaPath": "#/required",
    },
  ],
  "schema": "#/components/schemas/deprecatedProjectOverviewSchema",
}
`;
