// Jest Snapshot v1, https://goo.gl/fbAQLP

exports[`emailSchema 1`] = `
{
  "errors": [
    {
      "instancePath": "",
      "keyword": "required",
      "message": "must have required property 'email'",
      "params": {
        "missingProperty": "email",
      },
      "schemaPath": "#/required",
    },
  ],
  "schema": "#/components/schemas/emailSchema",
}
`;
