// Jest Snapshot v1, https://goo.gl/fbAQLP

exports[`featureTypeCountSchema 1`] = `
{
  "errors": [
    {
      "instancePath": "",
      "keyword": "required",
      "message": "must have required property 'type'",
      "params": {
        "missingProperty": "type",
      },
      "schemaPath": "#/required",
    },
  ],
  "schema": "#/components/schemas/featureTypeCountSchema",
}
`;
