// Jest Snapshot v1, https://goo.gl/fbAQLP

exports[`projectOverviewSchema 1`] = `
{
  "errors": [
    {
      "instancePath": "",
      "keyword": "required",
      "message": "must have required property 'version'",
      "params": {
        "missingProperty": "version",
      },
      "schemaPath": "#/required",
    },
  ],
  "schema": "#/components/schemas/projectOverviewSchema",
}
`;
