// Jest Snapshot v1, https://goo.gl/fbAQLP

exports[`resetPasswordSchema empty 1`] = `
Object {
  "data": Object {},
  "errors": Array [
    Object {
      "instancePath": "",
      "keyword": "required",
      "message": "must have required property 'email'",
      "params": Object {
        "missingProperty": "email",
      },
      "schemaPath": "#/required",
    },
  ],
  "schema": "#/components/schemas/resetPasswordSchema",
}
`;
