// Jest Snapshot v1, https://goo.gl/fbAQLP

exports[`sortOrderSchema invalid value type 1`] = `
{
  "errors": [
    {
      "instancePath": "/a",
      "keyword": "type",
      "message": "must be number",
      "params": {
        "type": "number",
      },
      "schemaPath": "#/additionalProperties/type",
    },
  ],
  "schema": "#/components/schemas/sortOrderSchema",
}
`;
