// Jest Snapshot v1, https://goo.gl/fbAQLP

exports[`tokenUserSchema empty 1`] = `
Object {
  "data": Object {},
  "errors": Array [
    Object {
      "instancePath": "",
      "keyword": "required",
      "message": "must have required property 'createdBy'",
      "params": Object {
        "missingProperty": "createdBy",
      },
      "schemaPath": "#/required",
    },
  ],
  "schema": "#/components/schemas/tokenUserSchema",
}
`;
