// Jest Snapshot v1, https://goo.gl/fbAQLP

exports[`tokenUserSchema 1`] = `
{
  "errors": [
    {
      "instancePath": "",
      "keyword": "required",
      "message": "must have required property 'id'",
      "params": {
        "missingProperty": "id",
      },
      "schemaPath": "#/required",
    },
  ],
  "schema": "#/components/schemas/tokenUserSchema",
}
`;
